// Jest Snapshot v1, https://goo.gl/fbAQLP

exports[`<Counter /> renders right 1`] = `
<div>
  <h4
    style={
      Object {
        "color": "teal",
      }
    }
  >
    The number is: 
    0
  </h4>
  <button
    id="buttonup"
    onClick={[Function]}
  >
    Increment
  </button>
  <button
    id="buttondown"
    onClick={[Function]}
  >
    Decrement
  </button>
  <form>
    <h3>
      Testing
    </h3>
    <input
      onChange={[Function]}
      placeholder="Enter number"
      type="number"
    />
  </form>
</div>
`;
